// Jest Snapshot v1, https://goo.gl/fbAQLP

exports[`<ActionButton /> ActionButton default props 1`] = `
.c0.c0 {
  margin-left: 5px;
  margin-right: 5px;
  background-color: #fff;
  color: #222;
  font-size: 1em;
  height: auto;
  width: auto;
  padding: auto;
}

.c0.c0:hover {
  background-color: #acacac;
}

<ActionButton
  label="button"
>
  <Styled(WithStyles(Button))
    trait="main"
    type="primary"
    variant="flat"
  >
    <WithStyles(Button)
      className="c0"
      trait="main"
      type="primary"
      variant="flat"
    >
      <Button
        className="c0"
        classes={
          Object {
            "colorInherit": "MuiButton-colorInherit-5",
            "disabled": "MuiButton-disabled-10",
            "fab": "MuiButton-fab-11",
            "flatPrimary": "MuiButton-flatPrimary-3",
            "flatSecondary": "MuiButton-flatSecondary-4",
            "focusVisible": "MuiButton-focusVisible-9",
            "fullWidth": "MuiButton-fullWidth-15",
            "label": "MuiButton-label-2",
            "mini": "MuiButton-mini-12",
            "raised": "MuiButton-raised-6",
            "raisedPrimary": "MuiButton-raisedPrimary-7",
            "raisedSecondary": "MuiButton-raisedSecondary-8",
            "root": "MuiButton-root-1",
            "sizeLarge": "MuiButton-sizeLarge-14",
            "sizeSmall": "MuiButton-sizeSmall-13",
          }
        }
        color="default"
        disableFocusRipple={false}
        disabled={false}
        fullWidth={false}
        mini={false}
        size="medium"
        trait="main"
        type="primary"
        variant="flat"
      >
        <WithStyles(ButtonBase)
          className="MuiButton-root-1 c0"
          disabled={false}
          focusRipple={true}
          focusVisibleClassName="MuiButton-focusVisible-9"
          trait="main"
          type="primary"
        >
          <ButtonBase
            centerRipple={false}
            className="MuiButton-root-1 c0"
            classes={
              Object {
                "disabled": "MuiButtonBase-disabled-17",
                "focusVisible": "MuiButtonBase-focusVisible-18",
                "root": "MuiButtonBase-root-16",
              }
            }
            disableRipple={false}
            disabled={false}
            focusRipple={true}
            focusVisibleClassName="MuiButton-focusVisible-9"
            tabIndex="0"
            trait="main"
            type="primary"
          >
            <button
              className="MuiButtonBase-root-16 MuiButton-root-1 c0"
              disabled={false}
              onBlur={[Function]}
              onFocus={[Function]}
              onKeyDown={[Function]}
              onKeyUp={[Function]}
              onMouseDown={[Function]}
              onMouseLeave={[Function]}
              onMouseUp={[Function]}
              onTouchEnd={[Function]}
              onTouchMove={[Function]}
              onTouchStart={[Function]}
              tabIndex="0"
              trait="main"
              type="primary"
            >
              <span
                className="MuiButton-label-2"
              >
                button
              </span>
              <WithStyles(TouchRipple)
                center={false}
                innerRef={[Function]}
              >
                <TouchRipple
                  center={false}
                  classes={
                    Object {
                      "child": "MuiTouchRipple-child-23",
                      "childLeaving": "MuiTouchRipple-childLeaving-24",
                      "childPulsate": "MuiTouchRipple-childPulsate-25",
                      "ripple": "MuiTouchRipple-ripple-20",
                      "ripplePulsate": "MuiTouchRipple-ripplePulsate-22",
                      "rippleVisible": "MuiTouchRipple-rippleVisible-21",
                      "root": "MuiTouchRipple-root-19",
                    }
                  }
                >
                  <TransitionGroup
                    childFactory={[Function]}
                    className="MuiTouchRipple-root-19"
                    component="span"
                    enter={true}
                    exit={true}
                  >
                    <span
                      className="MuiTouchRipple-root-19"
                    />
                  </TransitionGroup>
                </TouchRipple>
              </WithStyles(TouchRipple)>
            </button>
          </ButtonBase>
        </WithStyles(ButtonBase)>
      </Button>
    </WithStyles(Button)>
  </Styled(WithStyles(Button))>
</ActionButton>
`;
